{
  "Entries": [
    {
      "RequestUri": "/subscriptions/53d9063d-87ae-4ea8-be90-3686c3b8669f/providers/Microsoft.DataLakeStore/register?api-version=2015-11-01",
      "EncodedRequestUri": "L3N1YnNjcmlwdGlvbnMvNTNkOTA2M2QtODdhZS00ZWE4LWJlOTAtMzY4NmMzYjg2NjlmL3Byb3ZpZGVycy9NaWNyb3NvZnQuRGF0YUxha2VTdG9yZS9yZWdpc3Rlcj9hcGktdmVyc2lvbj0yMDE1LTExLTAx",
      "RequestMethod": "POST",
      "RequestBody": "",
      "RequestHeaders": {
        "x-ms-client-request-id": [
          "a3a5f0f9-11e6-44c9-a005-94be71fc469d"
        ],
        "accept-language": [
          "en-US"
        ],
        "User-Agent": [
          "Microsoft.Azure.Management.Resources.ResourceManagementClient/1.0.0-preview"
        ]
      },
      "ResponseBody": "{\r\n  \"id\": \"/subscriptions/53d9063d-87ae-4ea8-be90-3686c3b8669f/providers/Microsoft.DataLakeStore\",\r\n  \"namespace\": \"Microsoft.DataLakeStore\",\r\n  \"resourceTypes\": [\r\n    {\r\n      \"resourceType\": \"operations\",\r\n      \"locations\": [],\r\n      \"apiVersions\": [\r\n        \"2015-10-01-preview\"\r\n      ]\r\n    },\r\n    {\r\n      \"resourceType\": \"accounts\",\r\n      \"locations\": [\r\n        \"East US 2\"\r\n      ],\r\n      \"apiVersions\": [\r\n        \"2015-10-01-preview\"\r\n      ],\r\n      \"capabilities\": \"CrossResourceGroupResourceMove, CrossSubscriptionResourceMove, SystemAssignedResourceIdentity\"\r\n    },\r\n    {\r\n      \"resourceType\": \"accounts/firewallRules\",\r\n      \"locations\": [\r\n        \"East US 2\"\r\n      ],\r\n      \"apiVersions\": [\r\n        \"2015-10-01-preview\"\r\n      ]\r\n    },\r\n    {\r\n      \"resourceType\": \"locations\",\r\n      \"locations\": [],\r\n      \"apiVersions\": [\r\n        \"2015-10-01-preview\"\r\n      ]\r\n    },\r\n    {\r\n      \"resourceType\": \"locations/operationresults\",\r\n      \"locations\": [],\r\n      \"apiVersions\": [\r\n        \"2015-10-01-preview\"\r\n      ]\r\n    },\r\n    {\r\n      \"resourceType\": \"locations/checkNameAvailability\",\r\n      \"locations\": [],\r\n      \"apiVersions\": [\r\n        \"2015-10-01-preview\"\r\n      ]\r\n    },\r\n    {\r\n      \"resourceType\": \"locations/capability\",\r\n      \"locations\": [],\r\n      \"apiVersions\": [\r\n        \"2015-10-01-preview\"\r\n      ]\r\n    }\r\n  ],\r\n  \"registrationState\": \"Registered\"\r\n}",
      "ResponseHeaders": {
        "Content-Type": [
          "application/json; charset=utf-8"
        ],
        "Expires": [
          "-1"
        ],
        "Cache-Control": [
          "no-cache"
        ],
        "Date": [
          "Thu, 04 Aug 2016 18:02:02 GMT"
        ],
        "Pragma": [
          "no-cache"
        ],
        "Vary": [
          "Accept-Encoding"
        ],
        "x-ms-ratelimit-remaining-subscription-writes": [
          "1198"
        ],
        "x-ms-request-id": [
          "c5257868-c78b-4dae-af4a-3d44c771078d"
        ],
        "x-ms-correlation-request-id": [
          "c5257868-c78b-4dae-af4a-3d44c771078d"
        ],
        "x-ms-routing-request-id": [
          "WESTUS2:20160804T180203Z:c5257868-c78b-4dae-af4a-3d44c771078d"
        ],
        "Strict-Transport-Security": [
          "max-age=31536000; includeSubDomains"
        ]
      },
      "StatusCode": 200
    },
    {
      "RequestUri": "/subscriptions/53d9063d-87ae-4ea8-be90-3686c3b8669f/providers/Microsoft.DataLakeStore?api-version=2015-11-01",
      "EncodedRequestUri": "L3N1YnNjcmlwdGlvbnMvNTNkOTA2M2QtODdhZS00ZWE4LWJlOTAtMzY4NmMzYjg2NjlmL3Byb3ZpZGVycy9NaWNyb3NvZnQuRGF0YUxha2VTdG9yZT9hcGktdmVyc2lvbj0yMDE1LTExLTAx",
      "RequestMethod": "GET",
      "RequestBody": "",
      "RequestHeaders": {
        "x-ms-client-request-id": [
          "bcf71c99-a0fc-49f4-bde1-7b50087bde22"
        ],
        "accept-language": [
          "en-US"
        ],
        "User-Agent": [
          "Microsoft.Azure.Management.Resources.ResourceManagementClient/1.0.0-preview"
        ]
      },
      "ResponseBody": "{\r\n  \"id\": \"/subscriptions/53d9063d-87ae-4ea8-be90-3686c3b8669f/providers/Microsoft.DataLakeStore\",\r\n  \"namespace\": \"Microsoft.DataLakeStore\",\r\n  \"resourceTypes\": [\r\n    {\r\n      \"resourceType\": \"operations\",\r\n      \"locations\": [],\r\n      \"apiVersions\": [\r\n        \"2015-10-01-preview\"\r\n      ]\r\n    },\r\n    {\r\n      \"resourceType\": \"accounts\",\r\n      \"locations\": [\r\n        \"East US 2\"\r\n      ],\r\n      \"apiVersions\": [\r\n        \"2015-10-01-preview\"\r\n      ],\r\n      \"capabilities\": \"CrossResourceGroupResourceMove, CrossSubscriptionResourceMove, SystemAssignedResourceIdentity\"\r\n    },\r\n    {\r\n      \"resourceType\": \"accounts/firewallRules\",\r\n      \"locations\": [\r\n        \"East US 2\"\r\n      ],\r\n      \"apiVersions\": [\r\n        \"2015-10-01-preview\"\r\n      ]\r\n    },\r\n    {\r\n      \"resourceType\": \"locations\",\r\n      \"locations\": [],\r\n      \"apiVersions\": [\r\n        \"2015-10-01-preview\"\r\n      ]\r\n    },\r\n    {\r\n      \"resourceType\": \"locations/operationresults\",\r\n      \"locations\": [],\r\n      \"apiVersions\": [\r\n        \"2015-10-01-preview\"\r\n      ]\r\n    },\r\n    {\r\n      \"resourceType\": \"locations/checkNameAvailability\",\r\n      \"locations\": [],\r\n      \"apiVersions\": [\r\n        \"2015-10-01-preview\"\r\n      ]\r\n    },\r\n    {\r\n      \"resourceType\": \"locations/capability\",\r\n      \"locations\": [],\r\n      \"apiVersions\": [\r\n        \"2015-10-01-preview\"\r\n      ]\r\n    }\r\n  ],\r\n  \"registrationState\": \"Registered\"\r\n}",
      "ResponseHeaders": {
        "Content-Type": [
          "application/json; charset=utf-8"
        ],
        "Expires": [
          "-1"
        ],
        "Cache-Control": [
          "no-cache"
        ],
        "Date": [
          "Thu, 04 Aug 2016 18:02:02 GMT"
        ],
        "Pragma": [
          "no-cache"
        ],
        "Vary": [
          "Accept-Encoding"
        ],
        "x-ms-ratelimit-remaining-subscription-reads": [
          "14999"
        ],
        "x-ms-request-id": [
          "93d0208a-dd54-416c-89dd-495b1d73a637"
        ],
        "x-ms-correlation-request-id": [
          "93d0208a-dd54-416c-89dd-495b1d73a637"
        ],
        "x-ms-routing-request-id": [
          "WESTUS2:20160804T180203Z:93d0208a-dd54-416c-89dd-495b1d73a637"
        ],
        "Strict-Transport-Security": [
          "max-age=31536000; includeSubDomains"
        ]
      },
      "StatusCode": 200
    },
    {
      "RequestUri": "/subscriptions/53d9063d-87ae-4ea8-be90-3686c3b8669f/providers/Microsoft.Storage/register?api-version=2015-11-01",
      "EncodedRequestUri": "L3N1YnNjcmlwdGlvbnMvNTNkOTA2M2QtODdhZS00ZWE4LWJlOTAtMzY4NmMzYjg2NjlmL3Byb3ZpZGVycy9NaWNyb3NvZnQuU3RvcmFnZS9yZWdpc3Rlcj9hcGktdmVyc2lvbj0yMDE1LTExLTAx",
      "RequestMethod": "POST",
      "RequestBody": "",
      "RequestHeaders": {
        "x-ms-client-request-id": [
          "2a01b7bb-47c9-4fd6-b02d-c00a81652a73"
        ],
        "accept-language": [
          "en-US"
        ],
        "User-Agent": [
          "Microsoft.Azure.Management.Resources.ResourceManagementClient/1.0.0-preview"
        ]
      },
      "ResponseBody": "{\r\n  \"id\": \"/subscriptions/53d9063d-87ae-4ea8-be90-3686c3b8669f/providers/Microsoft.Storage\",\r\n  \"namespace\": \"Microsoft.Storage\",\r\n  \"resourceTypes\": [\r\n    {\r\n      \"resourceType\": \"storageAccounts\",\r\n      \"locations\": [\r\n        \"East US\",\r\n        \"East US 2\",\r\n        \"West US\",\r\n        \"West Europe\",\r\n        \"East Asia\",\r\n        \"Southeast Asia\",\r\n        \"Japan East\",\r\n        \"Japan West\",\r\n        \"North Central US\",\r\n        \"South Central US\",\r\n        \"Central US\",\r\n        \"North Europe\",\r\n        \"Brazil South\",\r\n        \"Canada East\",\r\n        \"Canada Central\",\r\n        \"West US 2\",\r\n        \"West Central US\"\r\n      ],\r\n      \"apiVersions\": [\r\n        \"2016-01-01\",\r\n        \"2015-06-15\",\r\n        \"2015-05-01-preview\"\r\n      ],\r\n      \"capabilities\": \"CrossResourceGroupResourceMove, CrossSubscriptionResourceMove\"\r\n    },\r\n    {\r\n      \"resourceType\": \"operations\",\r\n      \"locations\": [],\r\n      \"apiVersions\": [\r\n        \"2016-01-01\",\r\n        \"2015-06-15\",\r\n        \"2015-05-01-preview\"\r\n      ]\r\n    },\r\n    {\r\n      \"resourceType\": \"usages\",\r\n      \"locations\": [],\r\n      \"apiVersions\": [\r\n        \"2016-01-01\",\r\n        \"2015-06-15\",\r\n        \"2015-05-01-preview\"\r\n      ]\r\n    },\r\n    {\r\n      \"resourceType\": \"checkNameAvailability\",\r\n      \"locations\": [],\r\n      \"apiVersions\": [\r\n        \"2016-01-01\",\r\n        \"2015-06-15\",\r\n        \"2015-05-01-preview\"\r\n      ]\r\n    },\r\n    {\r\n      \"resourceType\": \"storageAccounts/services\",\r\n      \"locations\": [\r\n        \"East US\",\r\n        \"West US\",\r\n        \"West Europe\",\r\n        \"North Europe\",\r\n        \"East Asia\",\r\n        \"Southeast Asia\",\r\n        \"Japan East\",\r\n        \"Japan West\",\r\n        \"North Central US\",\r\n        \"South Central US\",\r\n        \"East US 2\",\r\n        \"Central US\",\r\n        \"Brazil South\",\r\n        \"Canada East\",\r\n        \"Canada Central\",\r\n        \"West US 2\",\r\n        \"West Central US\"\r\n      ],\r\n      \"apiVersions\": [\r\n        \"2014-04-01\"\r\n      ]\r\n    },\r\n    {\r\n      \"resourceType\": \"storageAccounts/services/metricDefinitions\",\r\n      \"locations\": [\r\n        \"East US\",\r\n        \"West US\",\r\n        \"West Europe\",\r\n        \"North Europe\",\r\n        \"East Asia\",\r\n        \"Southeast Asia\",\r\n        \"Japan East\",\r\n        \"Japan West\",\r\n        \"North Central US\",\r\n        \"South Central US\",\r\n        \"East US 2\",\r\n        \"Central US\",\r\n        \"Brazil South\",\r\n        \"Canada East\",\r\n        \"Canada Central\",\r\n        \"West US 2\",\r\n        \"West Central US\"\r\n      ],\r\n      \"apiVersions\": [\r\n        \"2014-04-01\"\r\n      ]\r\n    }\r\n  ],\r\n  \"registrationState\": \"Registered\"\r\n}",
      "ResponseHeaders": {
        "Content-Type": [
          "application/json; charset=utf-8"
        ],
        "Expires": [
          "-1"
        ],
        "Cache-Control": [
          "no-cache"
        ],
        "Date": [
          "Thu, 04 Aug 2016 18:02:03 GMT"
        ],
        "Pragma": [
          "no-cache"
        ],
        "Vary": [
          "Accept-Encoding"
        ],
        "x-ms-ratelimit-remaining-subscription-writes": [
          "1197"
        ],
        "x-ms-request-id": [
          "bc72b84e-2dd5-40ea-9dca-02593a7cad94"
        ],
        "x-ms-correlation-request-id": [
          "bc72b84e-2dd5-40ea-9dca-02593a7cad94"
        ],
        "x-ms-routing-request-id": [
          "WESTUS2:20160804T180204Z:bc72b84e-2dd5-40ea-9dca-02593a7cad94"
        ],
        "Strict-Transport-Security": [
          "max-age=31536000; includeSubDomains"
        ]
      },
      "StatusCode": 200
    },
    {
      "RequestUri": "/subscriptions/53d9063d-87ae-4ea8-be90-3686c3b8669f/providers/Microsoft.Storage?api-version=2015-11-01",
      "EncodedRequestUri": "L3N1YnNjcmlwdGlvbnMvNTNkOTA2M2QtODdhZS00ZWE4LWJlOTAtMzY4NmMzYjg2NjlmL3Byb3ZpZGVycy9NaWNyb3NvZnQuU3RvcmFnZT9hcGktdmVyc2lvbj0yMDE1LTExLTAx",
      "RequestMethod": "GET",
      "RequestBody": "",
      "RequestHeaders": {
        "x-ms-client-request-id": [
          "a31dde60-8d10-4ae4-bf01-32e0a3fd47f1"
        ],
        "accept-language": [
          "en-US"
        ],
        "User-Agent": [
          "Microsoft.Azure.Management.Resources.ResourceManagementClient/1.0.0-preview"
        ]
      },
      "ResponseBody": "{\r\n  \"id\": \"/subscriptions/53d9063d-87ae-4ea8-be90-3686c3b8669f/providers/Microsoft.Storage\",\r\n  \"namespace\": \"Microsoft.Storage\",\r\n  \"resourceTypes\": [\r\n    {\r\n      \"resourceType\": \"storageAccounts\",\r\n      \"locations\": [\r\n        \"East US\",\r\n        \"East US 2\",\r\n        \"West US\",\r\n        \"West Europe\",\r\n        \"East Asia\",\r\n        \"Southeast Asia\",\r\n        \"Japan East\",\r\n        \"Japan West\",\r\n        \"North Central US\",\r\n        \"South Central US\",\r\n        \"Central US\",\r\n        \"North Europe\",\r\n        \"Brazil South\",\r\n        \"Canada East\",\r\n        \"Canada Central\",\r\n        \"West US 2\",\r\n        \"West Central US\"\r\n      ],\r\n      \"apiVersions\": [\r\n        \"2016-01-01\",\r\n        \"2015-06-15\",\r\n        \"2015-05-01-preview\"\r\n      ],\r\n      \"capabilities\": \"CrossResourceGroupResourceMove, CrossSubscriptionResourceMove\"\r\n    },\r\n    {\r\n      \"resourceType\": \"operations\",\r\n      \"locations\": [],\r\n      \"apiVersions\": [\r\n        \"2016-01-01\",\r\n        \"2015-06-15\",\r\n        \"2015-05-01-preview\"\r\n      ]\r\n    },\r\n    {\r\n      \"resourceType\": \"usages\",\r\n      \"locations\": [],\r\n      \"apiVersions\": [\r\n        \"2016-01-01\",\r\n        \"2015-06-15\",\r\n        \"2015-05-01-preview\"\r\n      ]\r\n    },\r\n    {\r\n      \"resourceType\": \"checkNameAvailability\",\r\n      \"locations\": [],\r\n      \"apiVersions\": [\r\n        \"2016-01-01\",\r\n        \"2015-06-15\",\r\n        \"2015-05-01-preview\"\r\n      ]\r\n    },\r\n    {\r\n      \"resourceType\": \"storageAccounts/services\",\r\n      \"locations\": [\r\n        \"East US\",\r\n        \"West US\",\r\n        \"West Europe\",\r\n        \"North Europe\",\r\n        \"East Asia\",\r\n        \"Southeast Asia\",\r\n        \"Japan East\",\r\n        \"Japan West\",\r\n        \"North Central US\",\r\n        \"South Central US\",\r\n        \"East US 2\",\r\n        \"Central US\",\r\n        \"Brazil South\",\r\n        \"Canada East\",\r\n        \"Canada Central\",\r\n        \"West US 2\",\r\n        \"West Central US\"\r\n      ],\r\n      \"apiVersions\": [\r\n        \"2014-04-01\"\r\n      ]\r\n    },\r\n    {\r\n      \"resourceType\": \"storageAccounts/services/metricDefinitions\",\r\n      \"locations\": [\r\n        \"East US\",\r\n        \"West US\",\r\n        \"West Europe\",\r\n        \"North Europe\",\r\n        \"East Asia\",\r\n        \"Southeast Asia\",\r\n        \"Japan East\",\r\n        \"Japan West\",\r\n        \"North Central US\",\r\n        \"South Central US\",\r\n        \"East US 2\",\r\n        \"Central US\",\r\n        \"Brazil South\",\r\n        \"Canada East\",\r\n        \"Canada Central\",\r\n        \"West US 2\",\r\n        \"West Central US\"\r\n      ],\r\n      \"apiVersions\": [\r\n        \"2014-04-01\"\r\n      ]\r\n    }\r\n  ],\r\n  \"registrationState\": \"Registered\"\r\n}",
      "ResponseHeaders": {
        "Content-Type": [
          "application/json; charset=utf-8"
        ],
        "Expires": [
          "-1"
        ],
        "Cache-Control": [
          "no-cache"
        ],
        "Date": [
          "Thu, 04 Aug 2016 18:02:03 GMT"
        ],
        "Pragma": [
          "no-cache"
        ],
        "Vary": [
          "Accept-Encoding"
        ],
        "x-ms-ratelimit-remaining-subscription-reads": [
          "14998"
        ],
        "x-ms-request-id": [
          "2faee666-46ab-4e17-8344-4023b40d48f2"
        ],
        "x-ms-correlation-request-id": [
          "2faee666-46ab-4e17-8344-4023b40d48f2"
        ],
        "x-ms-routing-request-id": [
          "WESTUS2:20160804T180204Z:2faee666-46ab-4e17-8344-4023b40d48f2"
        ],
        "Strict-Transport-Security": [
          "max-age=31536000; includeSubDomains"
        ]
      },
      "StatusCode": 200
    },
    {
      "RequestUri": "/subscriptions/53d9063d-87ae-4ea8-be90-3686c3b8669f/resourcegroups/datalakerg18969?api-version=2015-11-01",
      "EncodedRequestUri": "L3N1YnNjcmlwdGlvbnMvNTNkOTA2M2QtODdhZS00ZWE4LWJlOTAtMzY4NmMzYjg2NjlmL3Jlc291cmNlZ3JvdXBzL2RhdGFsYWtlcmcxODk2OT9hcGktdmVyc2lvbj0yMDE1LTExLTAx",
      "RequestMethod": "GET",
      "RequestBody": "",
      "RequestHeaders": {
        "x-ms-client-request-id": [
          "9812717f-e098-4a9f-bb4e-95eae1926995"
        ],
        "accept-language": [
          "en-US"
        ],
        "User-Agent": [
          "Microsoft.Azure.Management.Resources.ResourceManagementClient/1.0.0-preview"
        ]
      },
      "ResponseBody": "{\r\n  \"error\": {\r\n    \"code\": \"ResourceGroupNotFound\",\r\n    \"message\": \"Resource group 'datalakerg18969' could not be found.\"\r\n  }\r\n}",
      "ResponseHeaders": {
        "Content-Length": [
          "107"
        ],
        "Content-Type": [
          "application/json; charset=utf-8"
        ],
        "Expires": [
          "-1"
        ],
        "Cache-Control": [
          "no-cache"
        ],
        "Date": [
          "Thu, 04 Aug 2016 18:02:03 GMT"
        ],
        "Pragma": [
          "no-cache"
        ],
        "x-ms-failure-cause": [
          "gateway"
        ],
        "x-ms-ratelimit-remaining-subscription-reads": [
          "14997"
        ],
        "x-ms-request-id": [
          "5950890b-bd26-41a8-b7ff-23148a589be6"
        ],
        "x-ms-correlation-request-id": [
          "5950890b-bd26-41a8-b7ff-23148a589be6"
        ],
        "x-ms-routing-request-id": [
          "WESTUS2:20160804T180204Z:5950890b-bd26-41a8-b7ff-23148a589be6"
        ],
        "Strict-Transport-Security": [
          "max-age=31536000; includeSubDomains"
        ]
      },
      "StatusCode": 404
    },
    {
      "RequestUri": "/subscriptions/53d9063d-87ae-4ea8-be90-3686c3b8669f/resourcegroups/datalakerg18969?api-version=2015-11-01",
      "EncodedRequestUri": "L3N1YnNjcmlwdGlvbnMvNTNkOTA2M2QtODdhZS00ZWE4LWJlOTAtMzY4NmMzYjg2NjlmL3Jlc291cmNlZ3JvdXBzL2RhdGFsYWtlcmcxODk2OT9hcGktdmVyc2lvbj0yMDE1LTExLTAx",
      "RequestMethod": "GET",
      "RequestBody": "",
      "RequestHeaders": {
        "x-ms-client-request-id": [
          "24bbc3a0-aac5-4f65-9011-d3f071c32e9b"
        ],
        "accept-language": [
          "en-US"
        ],
        "User-Agent": [
          "Microsoft.Azure.Management.Resources.ResourceManagementClient/1.0.0-preview"
        ]
      },
      "ResponseBody": "{\r\n  \"id\": \"/subscriptions/53d9063d-87ae-4ea8-be90-3686c3b8669f/resourceGroups/datalakerg18969\",\r\n  \"name\": \"datalakerg18969\",\r\n  \"location\": \"eastus2\",\r\n  \"properties\": {\r\n    \"provisioningState\": \"Succeeded\"\r\n  }\r\n}",
      "ResponseHeaders": {
        "Content-Type": [
          "application/json; charset=utf-8"
        ],
        "Expires": [
          "-1"
        ],
        "Cache-Control": [
          "no-cache"
        ],
        "Date": [
          "Thu, 04 Aug 2016 18:02:04 GMT"
        ],
        "Pragma": [
          "no-cache"
        ],
        "Vary": [
          "Accept-Encoding"
        ],
        "x-ms-ratelimit-remaining-subscription-reads": [
          "14996"
        ],
        "x-ms-request-id": [
          "22a269a0-c15c-401d-9792-8f4ecd33a53e"
        ],
        "x-ms-correlation-request-id": [
          "22a269a0-c15c-401d-9792-8f4ecd33a53e"
        ],
        "x-ms-routing-request-id": [
          "WESTUS2:20160804T180205Z:22a269a0-c15c-401d-9792-8f4ecd33a53e"
        ],
        "Strict-Transport-Security": [
          "max-age=31536000; includeSubDomains"
        ]
      },
      "StatusCode": 200
    },
    {
      "RequestUri": "/subscriptions/53d9063d-87ae-4ea8-be90-3686c3b8669f/resourcegroups/datalakerg18969?api-version=2015-11-01",
      "EncodedRequestUri": "L3N1YnNjcmlwdGlvbnMvNTNkOTA2M2QtODdhZS00ZWE4LWJlOTAtMzY4NmMzYjg2NjlmL3Jlc291cmNlZ3JvdXBzL2RhdGFsYWtlcmcxODk2OT9hcGktdmVyc2lvbj0yMDE1LTExLTAx",
      "RequestMethod": "PUT",
      "RequestBody": "{\r\n  \"location\": \"East US 2\"\r\n}",
      "RequestHeaders": {
        "Content-Type": [
          "application/json; charset=utf-8"
        ],
        "Content-Length": [
          "31"
        ],
        "x-ms-client-request-id": [
          "1ee2a5e9-0571-4940-ae69-b68e21f7a085"
        ],
        "accept-language": [
          "en-US"
        ],
        "User-Agent": [
          "Microsoft.Azure.Management.Resources.ResourceManagementClient/1.0.0-preview"
        ]
      },
      "ResponseBody": "{\r\n  \"id\": \"/subscriptions/53d9063d-87ae-4ea8-be90-3686c3b8669f/resourceGroups/datalakerg18969\",\r\n  \"name\": \"datalakerg18969\",\r\n  \"location\": \"eastus2\",\r\n  \"properties\": {\r\n    \"provisioningState\": \"Succeeded\"\r\n  }\r\n}",
      "ResponseHeaders": {
        "Content-Length": [
          "184"
        ],
        "Content-Type": [
          "application/json; charset=utf-8"
        ],
        "Expires": [
          "-1"
        ],
        "Cache-Control": [
          "no-cache"
        ],
        "Date": [
          "Thu, 04 Aug 2016 18:02:04 GMT"
        ],
        "Pragma": [
          "no-cache"
        ],
        "x-ms-ratelimit-remaining-subscription-writes": [
          "1196"
        ],
        "x-ms-request-id": [
          "d9a82fc2-a4bd-4f6f-94e8-f245a97b3608"
        ],
        "x-ms-correlation-request-id": [
          "d9a82fc2-a4bd-4f6f-94e8-f245a97b3608"
        ],
        "x-ms-routing-request-id": [
          "WESTUS2:20160804T180205Z:d9a82fc2-a4bd-4f6f-94e8-f245a97b3608"
        ],
        "Strict-Transport-Security": [
          "max-age=31536000; includeSubDomains"
        ]
      },
      "StatusCode": 201
    },
    {
      "RequestUri": "/subscriptions/53d9063d-87ae-4ea8-be90-3686c3b8669f/resourceGroups/datalakerg18969/providers/Microsoft.DataLakeStore/accounts/testadlfs12581?api-version=2015-10-01-preview",
      "EncodedRequestUri": "L3N1YnNjcmlwdGlvbnMvNTNkOTA2M2QtODdhZS00ZWE4LWJlOTAtMzY4NmMzYjg2NjlmL3Jlc291cmNlR3JvdXBzL2RhdGFsYWtlcmcxODk2OS9wcm92aWRlcnMvTWljcm9zb2Z0LkRhdGFMYWtlU3RvcmUvYWNjb3VudHMvdGVzdGFkbGZzMTI1ODE/YXBpLXZlcnNpb249MjAxNS0xMC0wMS1wcmV2aWV3",
      "RequestMethod": "GET",
      "RequestBody": "",
      "RequestHeaders": {
        "x-ms-client-request-id": [
          "3217d3d7-b65a-458a-99df-0437346b1f7d"
        ],
        "accept-language": [
          "en-US"
        ],
        "User-Agent": [
          "Microsoft.Azure.Management.DataLake.Store.DataLakeStoreAccountManagementClient/0.12.5-preview"
        ]
      },
      "ResponseBody": "{\r\n  \"error\": {\r\n    \"code\": \"ResourceNotFound\",\r\n    \"message\": \"The Resource 'Microsoft.DataLakeStore/accounts/testadlfs12581' under resource group 'datalakerg18969' was not found.\"\r\n  }\r\n}",
      "ResponseHeaders": {
        "Content-Length": [
          "166"
        ],
        "Content-Type": [
          "application/json; charset=utf-8"
        ],
        "Expires": [
          "-1"
        ],
        "Cache-Control": [
          "no-cache"
        ],
        "Date": [
          "Thu, 04 Aug 2016 18:02:05 GMT"
        ],
        "Pragma": [
          "no-cache"
        ],
        "x-ms-failure-cause": [
          "gateway"
        ],
        "x-ms-request-id": [
          "4d95888a-5145-408e-b9f9-7b0b61365d89"
        ],
        "x-ms-correlation-request-id": [
          "4d95888a-5145-408e-b9f9-7b0b61365d89"
        ],
        "x-ms-routing-request-id": [
          "WESTUS2:20160804T180205Z:4d95888a-5145-408e-b9f9-7b0b61365d89"
        ],
        "Strict-Transport-Security": [
          "max-age=31536000; includeSubDomains"
        ]
      },
      "StatusCode": 404
    },
    {
      "RequestUri": "/subscriptions/53d9063d-87ae-4ea8-be90-3686c3b8669f/resourceGroups/datalakerg18969/providers/Microsoft.DataLakeStore/accounts/testadlfs12581?api-version=2015-10-01-preview",
      "EncodedRequestUri": "L3N1YnNjcmlwdGlvbnMvNTNkOTA2M2QtODdhZS00ZWE4LWJlOTAtMzY4NmMzYjg2NjlmL3Jlc291cmNlR3JvdXBzL2RhdGFsYWtlcmcxODk2OS9wcm92aWRlcnMvTWljcm9zb2Z0LkRhdGFMYWtlU3RvcmUvYWNjb3VudHMvdGVzdGFkbGZzMTI1ODE/YXBpLXZlcnNpb249MjAxNS0xMC0wMS1wcmV2aWV3",
      "RequestMethod": "PUT",
      "RequestBody": "{\r\n  \"location\": \"East US 2\",\r\n  \"name\": \"testadlfs12581\"\r\n}",
      "RequestHeaders": {
        "Content-Type": [
          "application/json; charset=utf-8"
        ],
        "Content-Length": [
          "60"
        ],
        "x-ms-client-request-id": [
          "c6ef246f-6294-4277-8aca-12fff79ca396"
        ],
        "accept-language": [
          "en-US"
        ],
        "User-Agent": [
          "Microsoft.Azure.Management.DataLake.Store.DataLakeStoreAccountManagementClient/0.12.5-preview"
        ]
      },
      "ResponseBody": "{\r\n  \"error\": {\r\n    \"code\": \"ExceededMaxAccountCount\",\r\n    \"message\": \"The subscription has exceeded the maximum number of allowed resources.\"\r\n  }\r\n}",
      "ResponseHeaders": {
        "Content-Length": [
          "127"
        ],
        "Content-Type": [
          "application/json"
        ],
        "Expires": [
          "-1"
        ],
        "Cache-Control": [
          "no-cache"
        ],
        "Connection": [
          "close"
        ],
        "Date": [
          "Thu, 04 Aug 2016 18:02:07 GMT"
        ],
        "Pragma": [
          "no-cache"
        ],
        "Server": [
          "Microsoft-IIS/8.5"
        ],
        "x-ms-request-id": [
          "569a38d7-5d6c-477e-963d-fc8fe8d58693"
        ],
        "X-AspNet-Version": [
          "4.0.30319"
        ],
        "X-Powered-By": [
          "ASP.NET"
        ],
        "x-ms-ratelimit-remaining-subscription-writes": [
          "1190"
        ],
        "x-ms-correlation-request-id": [
          "d913b4c2-c9f8-4403-9fb2-9dee4bd322bc"
        ],
        "x-ms-routing-request-id": [
          "WESTUS2:20160804T180207Z:d913b4c2-c9f8-4403-9fb2-9dee4bd322bc"
        ],
        "Strict-Transport-Security": [
          "max-age=31536000; includeSubDomains"
        ]
      },
      "StatusCode": 409
    }
  ],
  "Names": {
    ".ctor": [
      "datalakerg18969",
      "testdatalake16460",
      "testadlfs12581"
    ]
  },
  "Variables": {
    "SubscriptionId": "53d9063d-87ae-4ea8-be90-3686c3b8669f"
  }
}